export const snapshot = {};

snapshot[`Project View Command - Help Text 1`] = `
stdout:
"
Usage: view <projectId>

Description:

  View project details

Options:

  -h, --help  - Show this help.      
  -w, --web   - Open in web browser  
  -a, --app   - Open in Linear.app   
  -j, --json  - Output as JSON       

"
stderr:
""
`;

snapshot[`Project View Command - With Project Details 1`] = `
stdout:
"# 🔐 Authentication System Redesign

**Slug:** auth-redesign-2024
**URL:** https://linear.app/acme/project/auth-redesign-2024
**Status:** In Progress
**Priority:** High
**Health:** onTrack
**Creator:** John Admin
**Lead:** Jane Lead
**Start Date:** 2024-01-15
**Target Date:** 2024-04-30
**Started At:** 1/16/2024
**Teams:** Backend Team (BACKEND), Security Team (SECURITY)

**Created:** 1/10/2024
**Updated:** 1/25/2024

## Description

Complete overhaul of the authentication system to improve security and user experience.

## Goals
- Implement OAuth 2.0 / OpenID Connect
- Add multi-factor authentication
- Improve password reset flow
- Add social login options

## Technical Requirements
- JWT tokens with proper rotation
- Rate limiting on auth endpoints
- Audit logging for security events
- GDPR compliance for user data

## Latest Update

**By:** Jane Lead
**When:** 1/22/2024
**Health:** onTrack

Great progress this week! The OAuth implementation is nearly complete and we're on track for our Q1 delivery. The team has been collaborating well across backend and security concerns.

**This week's highlights:**
- OAuth 2.0 flow implementation 80% complete
- MFA design reviews completed
- Security penetration testing scheduled

**Next week:**
- Complete OAuth testing
- Begin MFA implementation
- Finalize UI designs

## Issues Summary

**Total Issues:** 4
**Completed:** 1
**In Progress:** 1
**To Do:** 1
**Canceled:** 1
"
stderr:
""
`;

snapshot[`Project View Command - Minimal Project 1`] = `
stdout:
"# Simple Project

**Slug:** simple
**URL:** https://linear.app/acme/project/simple
**Status:** Backlog
**Priority:** None

**Created:** 1/20/2024
**Updated:** 1/20/2024
"
stderr:
""
`;

snapshot[`Project View Command - JSON Output 1`] = `
stdout:
'{
  "id": "project-123",
  "name": "Authentication System Redesign",
  "description": "Overhaul auth.",
  "slugId": "auth-redesign-2024",
  "icon": "🔐",
  "color": "#3b82f6",
  "status": {
    "id": "status-1",
    "name": "In Progress",
    "color": "#f59e0b"
  },
  "creator": {
    "name": "john.admin",
    "displayName": "John Admin"
  },
  "lead": {
    "name": "jane.lead",
    "displayName": "Jane Lead"
  },
  "priority": 2,
  "health": "onTrack",
  "startDate": "2024-01-15",
  "targetDate": "2024-03-31",
  "startedAt": "2024-01-15T09:00:00Z",
  "completedAt": null,
  "canceledAt": null,
  "updatedAt": "2024-01-25T14:30:00Z",
  "createdAt": "2024-01-10T10:00:00Z",
  "url": "https://linear.app/acme/project/auth-redesign-2024",
  "teams": {
    "nodes": [
      {
        "id": "team-1",
        "key": "BACKEND",
        "name": "Backend Team"
      }
    ]
  },
  "issues": {
    "nodes": [
      {
        "id": "issue-1",
        "identifier": "AUTH-101",
        "title": "Implement OAuth 2.0 flow",
        "state": {
          "name": "In Progress",
          "type": "started"
        }
      }
    ],
    "pageInfo": {
      "hasNextPage": true,
      "endCursor": "issues-cursor-1"
    }
  },
  "lastUpdate": {
    "id": "update-1",
    "body": "On track.",
    "health": "onTrack",
    "createdAt": "2024-01-25T14:30:00Z",
    "user": {
      "name": "jane.lead",
      "displayName": "Jane Lead"
    }
  }
}
'
stderr:
""
`;
