export const snapshot = {};

snapshot[`Project Comment Command - Help Through Parent 1`] = `
stdout:
"
Usage: COMMAND comment

Description:

  Manage project comments

Options:

  -h, --help  - Show this help.  

Commands:

  add   <project>  - Add a comment or reply to a project's discussion (by ID, slug, or name)
  list  <project>  - List comments on a project (by ID, slug, or name)                      

"
stderr:
""
`;
